01:52:04 **** Auto Build of configuration Debug for project fsm_code ****
make pre-build main-build 
a9-linaro-pre-build-step
 
Building file: ../src/helloworld.c
Invoking: ARM v7 gcc compiler
arm-none-eabi-gcc -Wall -O0 -g3 -c -fmessage-length=0 -MT"src/helloworld.o" -mcpu=cortex-a9 -mfpu=vfpv3 -mfloat-abi=hard -I../../fsm_code_bsp/ps7_cortexa9_0/include -MMD -MP -MF"src/helloworld.d" -MT"src/helloworld.o" -o "src/helloworld.o" "../src/helloworld.c"
Finished building: ../src/helloworld.c
 
Building target: fsm_code.elf
Invoking: ARM v7 gcc linker
arm-none-eabi-gcc -mcpu=cortex-a9 -mfpu=vfpv3 -mfloat-abi=hard -Wl,-build-id=none -specs=Xilinx.spec -Wl,-T -Wl,../src/lscript.ld -L../../fsm_code_bsp/ps7_cortexa9_0/lib -o "fsm_code.elf"  ./src/helloworld.o ./src/platform.o   -Wl,--start-group,-lxil,-lgcc,-lc,--end-group
Finished building target: fsm_code.elf
 
Invoking: ARM v7 Print Size
arm-none-eabi-size fsm_code.elf  |tee "fsm_code.elf.size"
   text	   data	    bss	    dec	    hex	filename
  22428	   1144	  22568	  46140	   b43c	fsm_code.elf
Finished building: fsm_code.elf.size
 

01:52:04 Build Finished (took 319ms)

