16:40:11 **** Incremental Build of configuration Debug for project fsm_code ****
make pre-build main-build 
make: Warning: File 'src/subdir.mk' has modification time 1 s in the future
a9-linaro-pre-build-step
 
make: warning:  Clock skew detected.  Your build may be incomplete.
make: Nothing to be done for 'main-build'.
16:40:47 **** Incremental Build of configuration Debug for project fsm_code ****
make pre-build main-build 
make: Warning: File 'src/subdir.mk' has modification time 1 s in the future
a9-linaro-pre-build-step
 
make: Nothing to be done for 'main-build'.
make: warning:  Clock skew detected.  Your build may be incomplete.
16:41:48 **** Incremental Build of configuration Debug for project fsm_code ****
make pre-build main-build 
make: Warning: File 'src/subdir.mk' has modification time 0.96 s in the future
a9-linaro-pre-build-step
 
make: warning:  Clock skew detected.  Your build may be incomplete.
make: Nothing to be done for 'main-build'.
16:42:38 **** Incremental Build of configuration Debug for project fsm_code ****
make pre-build main-build 
make: Warning: File 'src/subdir.mk' has modification time 0.91 s in the future
a9-linaro-pre-build-step
 
make: Nothing to be done for 'main-build'.
make: warning:  Clock skew detected.  Your build may be incomplete.
16:42:56 **** Incremental Build of configuration Debug for project fsm_code ****
make pre-build main-build 
make: Warning: File 'src/subdir.mk' has modification time 0.9 s in the future
a9-linaro-pre-build-step
 
make: Nothing to be done for 'main-build'.
make: warning:  Clock skew detected.  Your build may be incomplete.
16:44:04 **** Incremental Build of configuration Debug for project fsm_code ****
make pre-build main-build 
make: Warning: File 'src/subdir.mk' has modification time 0.89 s in the future
a9-linaro-pre-build-step
 
make: Nothing to be done for 'main-build'.
make: warning:  Clock skew detected.  Your build may be incomplete.
16:50:16 **** Incremental Build of configuration Debug for project fsm_code ****
make pre-build main-build 
make: Warning: File 'src/subdir.mk' has modification time 0.68 s in the future
a9-linaro-pre-build-step
 
make: warning:  Clock skew detected.  Your build may be incomplete.
make: Nothing to be done for 'main-build'.
16:50:39 **** Incremental Build of configuration Debug for project fsm_code ****
make pre-build main-build 
make: Warning: File 'src/subdir.mk' has modification time 0.68 s in the future
a9-linaro-pre-build-step
 
make: warning:  Clock skew detected.  Your build may be incomplete.
make: Nothing to be done for 'main-build'.
16:51:01 **** Incremental Build of configuration Debug for project fsm_code ****
make pre-build main-build 
make: Warning: File 'src/subdir.mk' has modification time 0.69 s in the future
a9-linaro-pre-build-step
 
make: Nothing to be done for 'main-build'.
make: warning:  Clock skew detected.  Your build may be incomplete.
17:13:42 **** Auto Build of configuration Debug for project fsm_code ****
make pre-build main-build 
make: Warning: File 'src/subdir.mk' has modification time 4.4 s in the future
a9-linaro-pre-build-step
 
Building file: ../src/helloworld.c
Invoking: ARM v7 gcc compiler
arm-none-eabi-gcc -Wall -O0 -g3 -c -fmessage-length=0 -MT"src/helloworld.o" -mcpu=cortex-a9 -mfpu=vfpv3 -mfloat-abi=hard -I../../fsm_code_bsp/ps7_cortexa9_0/include -MMD -MP -MF"src/helloworld.d" -MT"src/helloworld.o" -o "src/helloworld.o" "../src/helloworld.c"
Finished building: ../src/helloworld.c
 
Building target: fsm_code.elf
Invoking: ARM v7 gcc linker
arm-none-eabi-gcc -mcpu=cortex-a9 -mfpu=vfpv3 -mfloat-abi=hard -Wl,-build-id=none -specs=Xilinx.spec -Wl,-T -Wl,../src/lscript.ld -L../../fsm_code_bsp/ps7_cortexa9_0/lib -o "fsm_code.elf"  ./src/helloworld.o ./src/platform.o   -Wl,--start-group,-lxil,-lgcc,-lc,--end-group
Finished building target: fsm_code.elf
 
Invoking: ARM v7 Print Size
arm-none-eabi-size fsm_code.elf  |tee "fsm_code.elf.size"
   text	   data	    bss	    dec	    hex	filename
  22356	   1144	  22568	  46068	   b3f4	fsm_code.elf
Finished building: fsm_code.elf.size
 
make: warning:  Clock skew detected.  Your build may be incomplete.
17:13:53 **** Incremental Build of configuration Debug for project fsm_code ****
make pre-build main-build 
make: Warning: File 'src/subdir.mk' has modification time 4.5 s in the future
a9-linaro-pre-build-step
 
make: Nothing to be done for 'main-build'.
make: warning:  Clock skew detected.  Your build may be incomplete.
17:35:47 **** Incremental Build of configuration Debug for project fsm_code ****
make pre-build main-build 
make: Warning: File 'src/subdir.mk' has modification time 3.7 s in the future
a9-linaro-pre-build-step
 
make: warning:  Clock skew detected.  Your build may be incomplete.
make: Nothing to be done for 'main-build'.
17:35:59 **** Incremental Build of configuration Debug for project fsm_code ****
make pre-build main-build 
make: Warning: File 'src/subdir.mk' has modification time 3.8 s in the future
a9-linaro-pre-build-step
 
make: Nothing to be done for 'main-build'.
make: warning:  Clock skew detected.  Your build may be incomplete.
17:36:52 **** Incremental Build of configuration Debug for project fsm_code ****
make pre-build main-build 
make: Warning: File 'src/subdir.mk' has modification time 3.7 s in the future
a9-linaro-pre-build-step
 
make: warning:  Clock skew detected.  Your build may be incomplete.
make: Nothing to be done for 'main-build'.
17:37:53 **** Incremental Build of configuration Debug for project fsm_code ****
make pre-build main-build 
make: Warning: File 'src/subdir.mk' has modification time 3.7 s in the future
a9-linaro-pre-build-step
 
make: warning:  Clock skew detected.  Your build may be incomplete.
make: Nothing to be done for 'main-build'.
17:38:24 **** Incremental Build of configuration Debug for project fsm_code ****
make pre-build main-build 
make: Warning: File 'src/subdir.mk' has modification time 3.6 s in the future
a9-linaro-pre-build-step
 
make: Nothing to be done for 'main-build'.
make: warning:  Clock skew detected.  Your build may be incomplete.
17:43:19 **** Auto Build of configuration Debug for project fsm_code ****
make pre-build main-build 
make: Warning: File 'src/subdir.mk' has modification time 3.5 s in the future
a9-linaro-pre-build-step
 
Building file: ../src/helloworld.c
Invoking: ARM v7 gcc compiler
arm-none-eabi-gcc -Wall -O0 -g3 -c -fmessage-length=0 -MT"src/helloworld.o" -mcpu=cortex-a9 -mfpu=vfpv3 -mfloat-abi=hard -I../../fsm_code_bsp/ps7_cortexa9_0/include -MMD -MP -MF"src/helloworld.d" -MT"src/helloworld.o" -o "src/helloworld.o" "../src/helloworld.c"
Finished building: ../src/helloworld.c
 
Building target: fsm_code.elf
Invoking: ARM v7 gcc linker
arm-none-eabi-gcc -mcpu=cortex-a9 -mfpu=vfpv3 -mfloat-abi=hard -Wl,-build-id=none -specs=Xilinx.spec -Wl,-T -Wl,../src/lscript.ld -L../../fsm_code_bsp/ps7_cortexa9_0/lib -o "fsm_code.elf"  ./src/helloworld.o ./src/platform.o   -Wl,--start-group,-lxil,-lgcc,-lc,--end-group
Finished building target: fsm_code.elf
 
Invoking: ARM v7 Print Size
arm-none-eabi-size fsm_code.elf  |tee "fsm_code.elf.size"
   text	   data	    bss	    dec	    hex	filename
  22420	   1144	  22568	  46132	   b434	fsm_code.elf
Finished building: fsm_code.elf.size
 
make: warning:  Clock skew detected.  Your build may be incomplete.
17:43:48 **** Incremental Build of configuration Debug for project fsm_code ****
make pre-build main-build 
make: Warning: File 'src/subdir.mk' has modification time 3.5 s in the future
a9-linaro-pre-build-step
 
make: Nothing to be done for 'main-build'.
make: warning:  Clock skew detected.  Your build may be incomplete.
16:22:07 **** Auto Build of configuration Debug for project fsm_code ****
make pre-build main-build 
a9-linaro-pre-build-step
 
make: Nothing to be done for 'main-build'.
